Entering directory 'build/x86_64-linux-debug'
Building project [1;31mqjs-opencv[0m
-- Architecture-specific library directory: lib/x86_64-linux-gnu
-- Finding QuickJS...
QuickJS header: /usr/local/include/quickjs/quickjs.h
QuickJS include dir: /usr/local/include/quickjs
QuickJS library dir: /usr/local/lib/x86_64-linux-gnu
-- QuickJS configuration
-- 	interpreter: /usr/local/bin/qjs
-- 	compiler: /usr/local/bin/qjsc
-- 	library: /usr/local/lib/x86_64-linux-gnu/libquickjs.so
-- 	install directory: /usr/local
-- 	library directory: /usr/local/lib/x86_64-linux-gnu
-- 	include directory: /usr/local/include/quickjs
-- 	C module directory: /usr/local/lib/x86_64-linux-gnu/quickjs
-- 	JS module directory: /usr/local/lib/quickjs
-- 	module search path: /usr/local/lib/x86_64-linux-gnu/x86_64-linux-gnu/quickjs;/usr/local/lib/x86_64-linux-gnu/quickjs;/usr/local/lib/quickjs
-- size of long 8
-- size of long long 8
-- size of size_t 8
Thread library: 
QuickJS include dir: /usr/local/include/quickjs
QuickJS library dir: /usr/local/lib/x86_64-linux-gnu
-- Finding opencv library
OpenCV found: /opt/opencv-5.0.0-x86_64/lib/cmake/opencv4
  OPENCV_FOUND = TRUE
  OPENCV_INCLUDE_DIRS = /mnt/data/opt/opencv-4.11.0-x86_64/include/opencv4
  OPENCV_LIBDIR = /opt/opencv-5.0.0-x86_64/lib/cmake/opencv4/lib
  OPENCV_LINK_FLAGS = 
-- Finding opencv library - found
-- Checking for C++ standard flag: -std=c++2a: OK
C++ standard: c++2a
C++ flags: -g3 -ggdb -O0 -std=c++2a -DCXX_STANDARD=2a
-- Platform: amd64
-- libcamera library found:
--     version: 0.5.2
--     libraries: /usr/local/lib/x86_64-linux-gnu/libcamera.so;/usr/local/lib/x86_64-linux-gnu/libcamera-base.so
--     include path: /usr/local/include/libcamera
-- OpenCV freetype: opencv_freetype
-- Configuring done (1.9s)
-- Generating done (0.1s)
-- Build files have been written to: /home/roman/Projects/plot-cv/qjs-opencv/build/x86_64-linux-debug
